[2026-10-09 23:57:17] === hub_sync 開始 ===
[2026-10-09 23:57:24] build_dataset: 191 days; cols: 32 | trips with load: 3603 | idle trips: 0
[2026-10-09 23:57:26] nx_daily 上傳 191 天
[2026-10-09 23:57:40] nx_detail 上傳 191 天
[2026-10-09 23:57:48]   edge retry 1: HTTP Error 500: Internal Server Error
[2026-10-09 23:58:04]   raw 50 檔…
[2026-10-09 23:58:21]   raw 100 檔…
[2026-10-09 23:58:38]   raw 150 檔…
[2026-10-09 23:58:58]   raw 200 檔…
[2026-10-09 23:59:00]   edge retry 1: HTTP Error 403: Forbidden
[2026-10-09 23:59:03]   edge retry 2: HTTP Error 403: Forbidden
Traceback (most recent call last):
  File "C:\Users\26516\ops-hub\tools\hub_sync.py", line 330, in <module>
    main()
  File "C:\Users\26516\ops-hub\tools\hub_sync.py", line 323, in main
    upload_raw(st); save_state(st)
    ^^^^^^^^^^^^^^
  File "C:\Users\26516\ops-hub\tools\hub_sync.py", line 171, in upload_raw
    edge({"action": "put_raw", "path": key + ".gz", "b64": base64.b64encode(gz).decode(), "content_type": "application/gzip"})
  File "C:\Users\26516\ops-hub\tools\hub_sync.py", line 56, in edge
    with urllib.request.urlopen(req, timeout=300, context=SSL_CTX) as r:
         ^^^^^^^^^^^^^^^^^^^^^^^^^^^^^^^^^^^^^^^^^^^^^^^^^^^^^^^^^
  File "C:\Users\26516\AppData\Local\Programs\Python\Python312\Lib\urllib\request.py", line 215, in urlopen
    return opener.open(url, data, timeout)
           ^^^^^^^^^^^^^^^^^^^^^^^^^^^^^^^
  File "C:\Users\26516\AppData\Local\Programs\Python\Python312\Lib\urllib\request.py", line 521, in open
    response = meth(req, response)
               ^^^^^^^^^^^^^^^^^^^
  File "C:\Users\26516\AppData\Local\Programs\Python\Python312\Lib\urllib\request.py", line 630, in http_response
    response = self.parent.error(
               ^^^^^^^^^^^^^^^^^^
  File "C:\Users\26516\AppData\Local\Programs\Python\Python312\Lib\urllib\request.py", line 559, in error
    return self._call_chain(*args)
           ^^^^^^^^^^^^^^^^^^^^^^^
  File "C:\Users\26516\AppData\Local\Programs\Python\Python312\Lib\urllib\request.py", line 492, in _call_chain
    result = func(*args)
             ^^^^^^^^^^^
  File "C:\Users\26516\AppData\Local\Programs\Python\Python312\Lib\urllib\request.py", line 639, in http_error_default
    raise HTTPError(req.full_url, code, msg, hdrs, fp)
urllib.error.HTTPError: HTTP Error 403: Forbidden
